============================= test session starts =============================
platform win32 -- Python 3.10.11, pytest-9.0.2, pluggy-1.6.0
rootdir: C:\Dev\Starship Battles
configfile: pytest.ini
plugins: anyio-4.12.0, xdist-3.8.0
created: 16/16 workers
16 workers [463 items]

.....................................F..............E.E......E......EF.. [ 15%]
E.....................................................................F. [ 31%]
......F..................................F...F................F......... [ 46%]
................................F.F..................................... [ 62%]
........................................................................ [ 77%]
....................................FF.................................. [ 93%]
...............................                                          [100%]
=================================== ERRORS ====================================
_________________ ERROR collecting tests/unit/stress_test.py __________________
ImportError while importing test module 'C:\Dev\Starship Battles\tests\unit\stress_test.py'.
Hint: make sure your test modules/packages have valid Python names.
Traceback:
C:\Users\rossr\AppData\Local\Programs\Python\Python310\lib\importlib\__init__.py:126: in import_module
    return _bootstrap._gcd_import(name[level:], package, level)
tests\unit\stress_test.py:14: in <module>
    from main import Game, create_brick, create_interceptor
E   ModuleNotFoundError: No module named 'main'
------------------------------- Captured stdout -------------------------------
pygame-ce 2.5.6 (SDL 2.32.10, Python 3.10.11)
_________ ERROR collecting tests/unit/test_builder_drag_drop_real.py __________
ImportError while importing test module 'C:\Dev\Starship Battles\tests\unit\test_builder_drag_drop_real.py'.
Hint: make sure your test modules/packages have valid Python names.
Traceback:
C:\Users\rossr\AppData\Local\Programs\Python\Python310\lib\importlib\__init__.py:126: in import_module
    return _bootstrap._gcd_import(name[level:], package, level)
tests\unit\test_builder_drag_drop_real.py:17: in <module>
    from builder_gui import BuilderSceneGUI
E   ModuleNotFoundError: No module named 'builder_gui'
__________ ERROR collecting tests/unit/test_builder_improvements.py ___________
ImportError while importing test module 'C:\Dev\Starship Battles\tests\unit\test_builder_improvements.py'.
Hint: make sure your test modules/packages have valid Python names.
Traceback:
C:\Users\rossr\AppData\Local\Programs\Python\Python310\lib\importlib\__init__.py:126: in import_module
    return _bootstrap._gcd_import(name[level:], package, level)
C:\Dev\Starship Battles\unit_tests\test_builder_improvements.py:5: in <module>
    ???
E   ModuleNotFoundError: No module named 'builder_gui'
_________ ERROR collecting tests/unit/test_builder_io_integration.py __________
ImportError while importing test module 'C:\Dev\Starship Battles\tests\unit\test_builder_io_integration.py'.
Hint: make sure your test modules/packages have valid Python names.
Traceback:
C:\Users\rossr\AppData\Local\Programs\Python\Python310\lib\importlib\__init__.py:126: in import_module
    return _bootstrap._gcd_import(name[level:], package, level)
c:\Dev\Starship Battles\unit_tests\test_builder_io_integration.py:4: in <module>
    ???
E   ModuleNotFoundError: No module named 'builder_gui'
_______ ERROR collecting tests/unit/test_builder_structure_features.py ________
ImportError while importing test module 'C:\Dev\Starship Battles\tests\unit\test_builder_structure_features.py'.
Hint: make sure your test modules/packages have valid Python names.
Traceback:
C:\Users\rossr\AppData\Local\Programs\Python\Python310\lib\importlib\__init__.py:126: in import_module
    return _bootstrap._gcd_import(name[level:], package, level)
C:\Dev\Starship Battles\unit_tests\test_builder_structure_features.py:6: in <module>
    ???
E   ModuleNotFoundError: No module named 'builder_gui'
__________ ERROR collecting tests/unit/test_builder_warning_logic.py __________
ImportError while importing test module 'C:\Dev\Starship Battles\tests\unit\test_builder_warning_logic.py'.
Hint: make sure your test modules/packages have valid Python names.
Traceback:
C:\Users\rossr\AppData\Local\Programs\Python\Python310\lib\importlib\__init__.py:126: in import_module
    return _bootstrap._gcd_import(name[level:], package, level)
tests\unit\test_builder_warning_logic.py:12: in <module>
    from builder_gui import BuilderSceneGUI
E   ModuleNotFoundError: No module named 'builder_gui'
____________ ERROR collecting tests/unit/test_fleet_composition.py ____________
ImportError while importing test module 'C:\Dev\Starship Battles\tests\unit\test_fleet_composition.py'.
Hint: make sure your test modules/packages have valid Python names.
Traceback:
C:\Users\rossr\AppData\Local\Programs\Python\Python310\lib\importlib\__init__.py:126: in import_module
    return _bootstrap._gcd_import(name[level:], package, level)
tests\unit\test_fleet_composition.py:13: in <module>
    from battle_setup import load_ships_from_entries, scan_ship_designs, BattleSetupScreen
E   ModuleNotFoundError: No module named 'battle_setup'
___________ ERROR collecting tests/unit/test_mandatory_modifiers.py ___________
ImportError while importing test module 'C:\Dev\Starship Battles\tests\unit\test_mandatory_modifiers.py'.
Hint: make sure your test modules/packages have valid Python names.
Traceback:
C:\Users\rossr\AppData\Local\Programs\Python\Python310\lib\importlib\__init__.py:126: in import_module
    return _bootstrap._gcd_import(name[level:], package, level)
C:\Dev\Starship Battles\unit_tests\test_mandatory_modifiers.py:11: in <module>
    ???
E   ModuleNotFoundError: No module named 'builder_components'
_____________ ERROR collecting tests/unit/test_movement_and_ai.py _____________
ImportError while importing test module 'C:\Dev\Starship Battles\tests\unit\test_movement_and_ai.py'.
Hint: make sure your test modules/packages have valid Python names.
Traceback:
C:\Users\rossr\AppData\Local\Programs\Python\Python310\lib\importlib\__init__.py:126: in import_module
    return _bootstrap._gcd_import(name[level:], package, level)
c:\Dev\Starship Battles\unit_tests\test_movement_and_ai.py:12: in <module>
    ???
E   ModuleNotFoundError: No module named 'battle'
__________ ERROR collecting tests/unit/test_multi_selection_logic.py __________
ImportError while importing test module 'C:\Dev\Starship Battles\tests\unit\test_multi_selection_logic.py'.
Hint: make sure your test modules/packages have valid Python names.
Traceback:
C:\Users\rossr\AppData\Local\Programs\Python\Python310\lib\importlib\__init__.py:126: in import_module
    return _bootstrap._gcd_import(name[level:], package, level)
C:\Dev\Starship Battles\unit_tests\test_multi_selection_logic.py:11: in <module>
    ???
E   ModuleNotFoundError: No module named 'builder_gui'
_________________ ERROR collecting tests/unit/test_overlay.py _________________
ImportError while importing test module 'C:\Dev\Starship Battles\tests\unit\test_overlay.py'.
Hint: make sure your test modules/packages have valid Python names.
Traceback:
C:\Users\rossr\AppData\Local\Programs\Python\Python310\lib\importlib\__init__.py:126: in import_module
    return _bootstrap._gcd_import(name[level:], package, level)
tests\unit\test_overlay.py:15: in <module>
    from main import Game
E   ModuleNotFoundError: No module named 'main'
__________ ERROR collecting tests/unit/test_selection_refinements.py __________
ImportError while importing test module 'C:\Dev\Starship Battles\tests\unit\test_selection_refinements.py'.
Hint: make sure your test modules/packages have valid Python names.
Traceback:
C:\Users\rossr\AppData\Local\Programs\Python\Python310\lib\importlib\__init__.py:126: in import_module
    return _bootstrap._gcd_import(name[level:], package, level)
C:\Dev\Starship Battles\unit_tests\test_selection_refinements.py:5: in <module>
    ???
E   ModuleNotFoundError: No module named 'builder_gui'
_____________ ERROR collecting tests/unit/test_sprite_loading.py ______________
ImportError while importing test module 'C:\Dev\Starship Battles\tests\unit\test_sprite_loading.py'.
Hint: make sure your test modules/packages have valid Python names.
Traceback:
C:\Users\rossr\AppData\Local\Programs\Python\Python310\lib\importlib\__init__.py:126: in import_module
    return _bootstrap._gcd_import(name[level:], package, level)
C:\Dev\Starship Battles\unit_tests\test_sprite_loading.py:5: in <module>
    ???
E   ModuleNotFoundError: No module named 'sprites'
____ ERROR at setup of TestBattlePanels.test_seeker_panel_coordinate_logic ____
[gw9] win32 -- Python 3.10.11 C:\Users\rossr\AppData\Local\Programs\Python\Python310\python.exe

cls = <class 'unit.test_battle_panels.TestBattlePanels'>

>   ???
E   ModuleNotFoundError: No module named 'battle_panels'

c:\Dev\Starship Battles\unit_tests\test_battle_panels.py:53: ModuleNotFoundError

During handling of the above exception, another exception occurred:

cls = <class 'unit.test_battle_panels.TestBattlePanels'>

>   ???
E   ModuleNotFoundError: No module named 'battle_panels'

c:\Dev\Starship Battles\unit_tests\test_battle_panels.py:57: ModuleNotFoundError
________ ERROR at setup of TestBattlePanels.test_stats_panel_expansion ________
[gw9] win32 -- Python 3.10.11 C:\Users\rossr\AppData\Local\Programs\Python\Python310\python.exe

cls = <class 'unit.test_battle_panels.TestBattlePanels'>

>   ???
E   ModuleNotFoundError: No module named 'battle_panels'

c:\Dev\Starship Battles\unit_tests\test_battle_panels.py:53: ModuleNotFoundError

During handling of the above exception, another exception occurred:

cls = <class 'unit.test_battle_panels.TestBattlePanels'>

>   ???
E   ModuleNotFoundError: No module named 'battle_panels'

c:\Dev\Starship Battles\unit_tests\test_battle_panels.py:57: ModuleNotFoundError
_________ ERROR at setup of TestBattlePanels.test_battle_end_control __________
[gw8] win32 -- Python 3.10.11 C:\Users\rossr\AppData\Local\Programs\Python\Python310\python.exe

cls = <class 'unit.test_battle_panels.TestBattlePanels'>

>   ???
E   ModuleNotFoundError: No module named 'battle_panels'

c:\Dev\Starship Battles\unit_tests\test_battle_panels.py:53: ModuleNotFoundError

During handling of the above exception, another exception occurred:

cls = <class 'unit.test_battle_panels.TestBattlePanels'>

>   ???
E   ModuleNotFoundError: No module named 'battle_panels'

c:\Dev\Starship Battles\unit_tests\test_battle_panels.py:57: ModuleNotFoundError
______ ERROR at setup of TestBattlePanels.test_stats_panel_scroll_offset ______
[gw9] win32 -- Python 3.10.11 C:\Users\rossr\AppData\Local\Programs\Python\Python310\python.exe

cls = <class 'unit.test_battle_panels.TestBattlePanels'>

>   ???
E   ModuleNotFoundError: No module named 'battle_panels'

c:\Dev\Starship Battles\unit_tests\test_battle_panels.py:53: ModuleNotFoundError

During handling of the above exception, another exception occurred:

cls = <class 'unit.test_battle_panels.TestBattlePanels'>

>   ???
E   ModuleNotFoundError: No module named 'battle_panels'

c:\Dev\Starship Battles\unit_tests\test_battle_panels.py:57: ModuleNotFoundError
________ ERROR at setup of TestBattlePanels.test_seeker_monitor_state _________
[gw8] win32 -- Python 3.10.11 C:\Users\rossr\AppData\Local\Programs\Python\Python310\python.exe

cls = <class 'unit.test_battle_panels.TestBattlePanels'>

>   ???
E   ModuleNotFoundError: No module named 'battle_panels'

c:\Dev\Starship Battles\unit_tests\test_battle_panels.py:53: ModuleNotFoundError

During handling of the above exception, another exception occurred:

cls = <class 'unit.test_battle_panels.TestBattlePanels'>

>   ???
E   ModuleNotFoundError: No module named 'battle_panels'

c:\Dev\Starship Battles\unit_tests\test_battle_panels.py:57: ModuleNotFoundError
================================== FAILURES ===================================
__________ TestAIStrategyStates.test_attack_run_state_initialization __________
[gw4] win32 -- Python 3.10.11 C:\Users\rossr\AppData\Local\Programs\Python\Python310\python.exe

self = <unit.test_ai.TestAIStrategyStates testMethod=test_attack_run_state_initialization>

    def test_attack_run_state_initialization(self):
        """Attack run should initialize state on first update."""
        self.ship.ai_strategy = 'attack_run'
        self.ship.comp_trigger_pulled = False
        # Move ship far away so it starts in approach mode
        self.ship.position = pygame.math.Vector2(0, 0)
        self.target.position = pygame.math.Vector2(5000, 0)  # Far away
        self.grid.clear()
        self.grid.insert(self.ship)
        self.grid.insert(self.target)
    
        self.grid.insert(self.target)
    
        self.ai.update()
    
        self.assertTrue(self.ai.current_behavior is not None)
        # Check if behavior has state
>       self.assertTrue(hasattr(self.ai.current_behavior, 'attack_state'))
E       AssertionError: False is not true

tests\unit\test_ai.py:191: AssertionError
---------------------------- Captured stdout setup ----------------------------
Warning: unit_tests/data/test_vehicleclasses.json not found, using defaults
---------------------------- Captured stdout call -----------------------------
Warning: test_targeting_policies.json not found in C:\Dev\Starship Battles\unit_tests\data
Warning: test_movement_policies.json not found in C:\Dev\Starship Battles\unit_tests\data
Warning: test_combat_strategies.json not found in C:\Dev\Starship Battles\unit_tests\data
------------------------------ Captured log call ------------------------------
[32mINFO    [0m StarshipBattles:logger.py:32 StrategyManager loaded: 7 strategies, 5 targeting, 7 movement
_________ TestAIStrategyStates.test_attack_run_transitions_to_retreat _________
[gw4] win32 -- Python 3.10.11 C:\Users\rossr\AppData\Local\Programs\Python\Python310\python.exe

self = <unit.test_ai.TestAIStrategyStates testMethod=test_attack_run_transitions_to_retreat>

    def test_attack_run_transitions_to_retreat(self):
        """Attack run should transition to retreat when close."""
        self.ship.ai_strategy = 'attack_run'
        self.ship.position = pygame.math.Vector2(0, 0)
        self.target.position = pygame.math.Vector2(150, 0)  # Very close
    
        self.ai.update()
        # After being very close, should switch to retreat
        self.assertIsNotNone(self.ai.current_behavior)
>       self.assertEqual(self.ai.current_behavior.attack_state, 'retreat')
E       AttributeError: 'KiteBehavior' object has no attribute 'attack_state'

tests\unit\test_ai.py:203: AttributeError
---------------------------- Captured stdout call -----------------------------
Warning: test_targeting_policies.json not found in C:\Dev\Starship Battles\unit_tests\data
Warning: test_movement_policies.json not found in C:\Dev\Starship Battles\unit_tests\data
Warning: test_combat_strategies.json not found in C:\Dev\Starship Battles\unit_tests\data
------------------------------ Captured log call ------------------------------
[32mINFO    [0m StarshipBattles:logger.py:32 StrategyManager loaded: 7 strategies, 5 targeting, 7 movement
______ TestBridgeRequirementRemoval.test_class_with_command_requirement _______
[gw11] win32 -- Python 3.10.11 C:\Users\rossr\AppData\Local\Programs\Python\Python310\python.exe

self = <unit.test_bridge_requirement_removal.TestBridgeRequirementRemoval testMethod=test_class_with_command_requirement>

    def setUp(self):
        # Load the test vehicle classes data
        self.test_data_path = os.path.join("unit_tests", "data", "test_vehicleclasses.json")
>       with open(self.test_data_path, "r") as f:
E       FileNotFoundError: [Errno 2] No such file or directory: 'unit_tests\\data\\test_vehicleclasses.json'

tests\unit\test_bridge_requirement_removal.py:20: FileNotFoundError
________ TestBridgeRequirementRemoval.test_valid_class_without_bridge _________
[gw11] win32 -- Python 3.10.11 C:\Users\rossr\AppData\Local\Programs\Python\Python310\python.exe

self = <unit.test_bridge_requirement_removal.TestBridgeRequirementRemoval testMethod=test_valid_class_without_bridge>

    def setUp(self):
        # Load the test vehicle classes data
        self.test_data_path = os.path.join("unit_tests", "data", "test_vehicleclasses.json")
>       with open(self.test_data_path, "r") as f:
E       FileNotFoundError: [Errno 2] No such file or directory: 'unit_tests\\data\\test_vehicleclasses.json'

tests\unit\test_bridge_requirement_removal.py:20: FileNotFoundError
______________________ TestBuilderRefactor.test_imports _______________________
[gw12] win32 -- Python 3.10.11 C:\Users\rossr\AppData\Local\Programs\Python\Python310\python.exe

self = <unit.test_builder_refactor.TestBuilderRefactor testMethod=test_imports>

    def test_imports(self):
        """Test that builder_gui and extracted modules can be imported."""
        try:
>           import builder_gui
E           ModuleNotFoundError: No module named 'builder_gui'

tests\unit\test_builder_refactor.py:13: ModuleNotFoundError

During handling of the above exception, another exception occurred:

self = <unit.test_builder_refactor.TestBuilderRefactor testMethod=test_imports>

    def test_imports(self):
        """Test that builder_gui and extracted modules can be imported."""
        try:
            import builder_gui
            import preset_manager
            from game.simulation.systems import persistence as ship_io
        except ImportError as e:
>           self.fail(f"Failed to import modules: {e}")
E           AssertionError: Failed to import modules: No module named 'builder_gui'

tests\unit\test_builder_refactor.py:17: AssertionError
____________________ TestMainIntegration.test_import_main _____________________
[gw6] win32 -- Python 3.10.11 C:\Users\rossr\AppData\Local\Programs\Python\Python310\python.exe

self = <unit.test_main_integration.TestMainIntegration testMethod=test_import_main>

    def test_import_main(self):
        """Test that main.py can be imported without ImportError."""
        try:
>           import main
E           ModuleNotFoundError: No module named 'main'

tests\unit\test_main_integration.py:31: ModuleNotFoundError

During handling of the above exception, another exception occurred:

self = <unit.test_main_integration.TestMainIntegration testMethod=test_import_main>

    def test_import_main(self):
        """Test that main.py can be imported without ImportError."""
        try:
            import main
        except ImportError as e:
>           self.fail(f"Failed to import main.py: {e}")
E           AssertionError: Failed to import main.py: No module named 'main'

tests\unit\test_main_integration.py:33: AssertionError
_________________ TestMainIntegration.test_game_instantiation _________________
[gw0] win32 -- Python 3.10.11 C:\Users\rossr\AppData\Local\Programs\Python\Python310\python.exe

self = <unit.test_main_integration.TestMainIntegration testMethod=test_game_instantiation>
mock_info = <MagicMock name='Info' id='1413248635024'>

    @patch('pygame.display.Info')
    def test_game_instantiation(self, mock_info):
        """Test that the Game class can be instantiated."""
        # Setup mocks for screen resolution
        mock_info_obj = MagicMock()
        type(mock_info_obj).current_w = unittest.mock.PropertyMock(return_value=1920)
        type(mock_info_obj).current_h = unittest.mock.PropertyMock(return_value=1080)
        # Fallback for direct attribute access if not property
        mock_info_obj.current_w = 1920
        mock_info_obj.current_h = 1080
        mock_info.return_value = mock_info_obj
    
        # We allow real set_mode to run (with dummy driver defined in imports)
        # to ensure surfaces can be converted.
    
        try:
>           import main
E           ModuleNotFoundError: No module named 'main'

tests\unit\test_main_integration.py:55: ModuleNotFoundError

During handling of the above exception, another exception occurred:

self = <unit.test_main_integration.TestMainIntegration testMethod=test_game_instantiation>
mock_info = <MagicMock name='Info' id='1413248635024'>

    @patch('pygame.display.Info')
    def test_game_instantiation(self, mock_info):
        """Test that the Game class can be instantiated."""
        # Setup mocks for screen resolution
        mock_info_obj = MagicMock()
        type(mock_info_obj).current_w = unittest.mock.PropertyMock(return_value=1920)
        type(mock_info_obj).current_h = unittest.mock.PropertyMock(return_value=1080)
        # Fallback for direct attribute access if not property
        mock_info_obj.current_w = 1920
        mock_info_obj.current_h = 1080
        mock_info.return_value = mock_info_obj
    
        # We allow real set_mode to run (with dummy driver defined in imports)
        # to ensure surfaces can be converted.
    
        try:
            import main
            game = main.Game()
            self.assertIsNotNone(game)
            self.assertIsNotNone(game.battle_scene)
            self.assertIsNotNone(game.battle_scene.engine)
    
            # Verify the engine has a logger (instance based)
            self.assertTrue(hasattr(game.battle_scene.engine, 'logger'))
    
            # Verify BATTLE_LOG is NOT a property of the battle module anymore
            import battle
            self.assertFalse(hasattr(battle, 'BATTLE_LOG'), "battle module should not export global BATTLE_LOG")
    
        except ImportError as e:
>           self.fail(f"Game instantiation failed due to ImportError: {e}")
E           AssertionError: Game instantiation failed due to ImportError: No module named 'main'

tests\unit\test_main_integration.py:69: AssertionError
____________________ TestDynamicLayers.test_fighter_layers ____________________
[gw3] win32 -- Python 3.10.11 C:\Users\rossr\AppData\Local\Programs\Python\Python310\python.exe

self = <unit.test_dynamic_layers.TestDynamicLayers testMethod=test_fighter_layers>

>   ???
E   AssertionError: <LayerType.OUTER: 3> unexpectedly found in {<LayerType.CORE: 1>: {'components': [], 'radius_pct': 0.5, 'restrictions': [], 'max_mass_pct': 1.0, 'hp_pool': 0, 'max_hp_pool': 0, 'mass': 0, 'hp': 0}, <LayerType.INNER: 2>: {'components': [], 'radius_pct': 0.7071067811865476, 'restrictions': [], 'max_mass_pct': 1.0, 'hp_pool': 0, 'max_hp_pool': 0, 'mass': 0, 'hp': 0}, <LayerType.OUTER: 3>: {'components': [], 'radius_pct': 0.8660254037844386, 'restrictions': [], 'max_mass_pct': 1.0, 'hp_pool': 0, 'max_hp_pool': 0, 'mass': 0, 'hp': 0}, <LayerType.ARMOR: 4>: {'components': [], 'radius_pct': 1.0, 'restrictions': [], 'max_mass_pct': 1.0, 'hp_pool': 0, 'max_hp_pool': 0, 'mass': 0, 'hp': 0}}

c:\Dev\Starship Battles\unit_tests\test_dynamic_layers.py:26: AssertionError
___________________ TestDynamicLayers.test_satellite_layers ___________________
[gw3] win32 -- Python 3.10.11 C:\Users\rossr\AppData\Local\Programs\Python\Python310\python.exe

self = <unit.test_dynamic_layers.TestDynamicLayers testMethod=test_satellite_layers>

>   ???
E   AssertionError: <LayerType.INNER: 2> unexpectedly found in {<LayerType.CORE: 1>: {'components': [], 'radius_pct': 0.5, 'restrictions': [], 'max_mass_pct': 1.0, 'hp_pool': 0, 'max_hp_pool': 0, 'mass': 0, 'hp': 0}, <LayerType.INNER: 2>: {'components': [], 'radius_pct': 0.7071067811865476, 'restrictions': [], 'max_mass_pct': 1.0, 'hp_pool': 0, 'max_hp_pool': 0, 'mass': 0, 'hp': 0}, <LayerType.OUTER: 3>: {'components': [], 'radius_pct': 0.8660254037844386, 'restrictions': [], 'max_mass_pct': 1.0, 'hp_pool': 0, 'max_hp_pool': 0, 'mass': 0, 'hp': 0}, <LayerType.ARMOR: 4>: {'components': [], 'radius_pct': 1.0, 'restrictions': [], 'max_mass_pct': 1.0, 'hp_pool': 0, 'max_hp_pool': 0, 'mass': 0, 'hp': 0}}

c:\Dev\Starship Battles\unit_tests\test_dynamic_layers.py:40: AssertionError
______________________ TestStrategySystem.test_load_data ______________________
[gw12] win32 -- Python 3.10.11 C:\Users\rossr\AppData\Local\Programs\Python\Python310\python.exe

self = <unit.test_strategy_system.TestStrategySystem testMethod=test_load_data>

>   ???
E   AssertionError: 'test_policy_1' not found in {}

C:\Dev\Starship Battles\unit_tests\test_strategy_system.py:29: AssertionError
---------------------------- Captured stdout call -----------------------------
Warning: test_targeting_policies.json not found in C:\Dev\Starship Battles\unit_tests\data
Warning: test_movement_policies.json not found in C:\Dev\Starship Battles\unit_tests\data
Warning: test_combat_strategies.json not found in C:\Dev\Starship Battles\unit_tests\data
------------------------------ Captured log call ------------------------------
[32mINFO    [0m StarshipBattles:logger.py:32 StrategyManager loaded: 0 strategies, 0 targeting, 0 movement
__________________ TestStrategySystem.test_resolve_strategy ___________________
[gw12] win32 -- Python 3.10.11 C:\Users\rossr\AppData\Local\Programs\Python\Python310\python.exe

self = <unit.test_strategy_system.TestStrategySystem testMethod=test_resolve_strategy>

>   ???
E   AssertionError: 'Default' != 'Test Strategy Simple'
E   - Default
E   + Test Strategy Simple

C:\Dev\Starship Battles\unit_tests\test_strategy_system.py:39: AssertionError
---------------------------- Captured stdout call -----------------------------
Warning: test_targeting_policies.json not found in C:\Dev\Starship Battles\unit_tests\data
Warning: test_movement_policies.json not found in C:\Dev\Starship Battles\unit_tests\data
Warning: test_combat_strategies.json not found in C:\Dev\Starship Battles\unit_tests\data
------------------------------ Captured log call ------------------------------
[32mINFO    [0m StarshipBattles:logger.py:32 StrategyManager loaded: 0 strategies, 0 targeting, 0 movement
============================== warnings summary ===============================
tests\unit\simulation\test_log_parser.py:23: 16 warnings
  C:\Dev\Starship Battles\tests\unit\simulation\test_log_parser.py:23: PytestCollectionWarning: cannot collect test class 'TestLogParser' because it has a __init__ constructor (from: tests/unit/simulation/test_log_parser.py)
    class TestLogParser:

tests\unit\simulation\test_logger.py:12: 16 warnings
  C:\Dev\Starship Battles\tests\unit\simulation\test_logger.py:12: PytestCollectionWarning: cannot collect test class 'TestEventType' because it has a __new__ constructor (from: tests/unit/simulation/test_logger.py)
    class TestEventType(Enum):

tests/unit/test_builder_ui_sync.py::TestBuilderUISync::test_refresh_controls_syncs_ui
tests/unit/test_builder_ui_sync.py::TestBuilderUISync::test_revert_protection
tests/unit/test_builder_ui_sync.py::TestBuilderUISync::test_type_change_filtering
  C:\Users\rossr\AppData\Local\Programs\Python\Python310\lib\site-packages\pygame_gui\elements\ui_label.py:176: UserWarning: Label Rect is too small for text: Max Energy: - size diff: (-15, 0)
    warnings.warn(warn_text, UserWarning)

tests/unit/test_builder_ui_sync.py::TestBuilderUISync::test_refresh_controls_syncs_ui
tests/unit/test_builder_ui_sync.py::TestBuilderUISync::test_revert_protection
tests/unit/test_builder_ui_sync.py::TestBuilderUISync::test_type_change_filtering
  C:\Users\rossr\AppData\Local\Programs\Python\Python310\lib\site-packages\pygame_gui\elements\ui_label.py:176: UserWarning: Label Rect is too small for text: Energy Gen: - size diff: (-14, 0)
    warnings.warn(warn_text, UserWarning)

tests/unit/test_builder_ui_sync.py::TestBuilderUISync::test_refresh_controls_syncs_ui
tests/unit/test_builder_ui_sync.py::TestBuilderUISync::test_revert_protection
tests/unit/test_builder_ui_sync.py::TestBuilderUISync::test_type_change_filtering
  C:\Users\rossr\AppData\Local\Programs\Python\Python310\lib\site-packages\pygame_gui\elements\ui_label.py:176: UserWarning: Label Rect is too small for text: Total Thrust: - size diff: (-17, 0)
    warnings.warn(warn_text, UserWarning)

tests/unit/test_builder_ui_sync.py::TestBuilderUISync::test_refresh_controls_syncs_ui
tests/unit/test_builder_ui_sync.py::TestBuilderUISync::test_revert_protection
tests/unit/test_builder_ui_sync.py::TestBuilderUISync::test_type_change_filtering
  C:\Users\rossr\AppData\Local\Programs\Python\Python310\lib\site-packages\pygame_gui\elements\ui_label.py:176: UserWarning: Label Rect is too small for text: Acceleration: - size diff: (-19, 0)
    warnings.warn(warn_text, UserWarning)

tests/unit/test_builder_ui_sync.py::TestBuilderUISync::test_refresh_controls_syncs_ui
tests/unit/test_builder_ui_sync.py::TestBuilderUISync::test_revert_protection
tests/unit/test_builder_ui_sync.py::TestBuilderUISync::test_type_change_filtering
  C:\Users\rossr\AppData\Local\Programs\Python\Python310\lib\site-packages\pygame_gui\elements\ui_label.py:176: UserWarning: Label Rect is too small for text: Top Speed: - size diff: (-7, 0)
    warnings.warn(warn_text, UserWarning)

tests/unit/test_builder_ui_sync.py::TestBuilderUISync::test_refresh_controls_syncs_ui
tests/unit/test_builder_ui_sync.py::TestBuilderUISync::test_revert_protection
tests/unit/test_builder_ui_sync.py::TestBuilderUISync::test_type_change_filtering
  C:\Users\rossr\AppData\Local\Programs\Python\Python310\lib\site-packages\pygame_gui\elements\ui_label.py:176: UserWarning: Label Rect is too small for text: Total Maneuvering Points: - size diff: (-108, 0)
    warnings.warn(warn_text, UserWarning)

tests/unit/test_builder_ui_sync.py::TestBuilderUISync::test_refresh_controls_syncs_ui
tests/unit/test_builder_ui_sync.py::TestBuilderUISync::test_revert_protection
tests/unit/test_builder_ui_sync.py::TestBuilderUISync::test_type_change_filtering
  C:\Users\rossr\AppData\Local\Programs\Python\Python310\lib\site-packages\pygame_gui\elements\ui_label.py:176: UserWarning: Label Rect is too small for text: Turning Rate: - size diff: (-24, 0)
    warnings.warn(warn_text, UserWarning)

tests/unit/test_builder_ui_sync.py::TestBuilderUISync::test_refresh_controls_syncs_ui
tests/unit/test_builder_ui_sync.py::TestBuilderUISync::test_revert_protection
tests/unit/test_builder_ui_sync.py::TestBuilderUISync::test_type_change_filtering
  C:\Users\rossr\AppData\Local\Programs\Python\Python310\lib\site-packages\pygame_gui\elements\ui_label.py:176: UserWarning: Label Rect is too small for text: Max Shields: - size diff: (-18, 0)
    warnings.warn(warn_text, UserWarning)

tests/unit/test_builder_ui_sync.py::TestBuilderUISync::test_refresh_controls_syncs_ui
tests/unit/test_builder_ui_sync.py::TestBuilderUISync::test_revert_protection
tests/unit/test_builder_ui_sync.py::TestBuilderUISync::test_type_change_filtering
  C:\Users\rossr\AppData\Local\Programs\Python\Python310\lib\site-packages\pygame_gui\elements\ui_label.py:176: UserWarning: Label Rect is too small for text: Shield Regen: - size diff: (-26, 0)
    warnings.warn(warn_text, UserWarning)

tests/unit/test_builder_ui_sync.py::TestBuilderUISync::test_refresh_controls_syncs_ui
tests/unit/test_builder_ui_sync.py::TestBuilderUISync::test_revert_protection
tests/unit/test_builder_ui_sync.py::TestBuilderUISync::test_type_change_filtering
  C:\Users\rossr\AppData\Local\Programs\Python\Python310\lib\site-packages\pygame_gui\elements\ui_label.py:176: UserWarning: Label Rect is too small for text: Regen Cost: - size diff: (-13, 0)
    warnings.warn(warn_text, UserWarning)

tests/unit/test_builder_ui_sync.py::TestBuilderUISync::test_refresh_controls_syncs_ui
tests/unit/test_builder_ui_sync.py::TestBuilderUISync::test_revert_protection
tests/unit/test_builder_ui_sync.py::TestBuilderUISync::test_type_change_filtering
  C:\Users\rossr\AppData\Local\Programs\Python\Python310\lib\site-packages\pygame_gui\elements\ui_label.py:176: UserWarning: Label Rect is too small for text: Total Armor HP: - size diff: (-37, 0)
    warnings.warn(warn_text, UserWarning)

tests/unit/test_builder_ui_sync.py::TestBuilderUISync::test_refresh_controls_syncs_ui
tests/unit/test_builder_ui_sync.py::TestBuilderUISync::test_revert_protection
tests/unit/test_builder_ui_sync.py::TestBuilderUISync::test_type_change_filtering
  C:\Users\rossr\AppData\Local\Programs\Python\Python310\lib\site-packages\pygame_gui\elements\ui_label.py:176: UserWarning: Label Rect is too small for text: Dmg Ignore: - size diff: (-17, 0)
    warnings.warn(warn_text, UserWarning)

tests/unit/test_builder_ui_sync.py::TestBuilderUISync::test_refresh_controls_syncs_ui
tests/unit/test_builder_ui_sync.py::TestBuilderUISync::test_revert_protection
tests/unit/test_builder_ui_sync.py::TestBuilderUISync::test_type_change_filtering
  C:\Users\rossr\AppData\Local\Programs\Python\Python310\lib\site-packages\pygame_gui\elements\ui_label.py:176: UserWarning: Label Rect is too small for text: Shield Regen/Hit: - size diff: (-50, 0)
    warnings.warn(warn_text, UserWarning)

tests/unit/test_builder_ui_sync.py::TestBuilderUISync::test_refresh_controls_syncs_ui
tests/unit/test_builder_ui_sync.py::TestBuilderUISync::test_revert_protection
tests/unit/test_builder_ui_sync.py::TestBuilderUISync::test_type_change_filtering
  C:\Users\rossr\AppData\Local\Programs\Python\Python310\lib\site-packages\pygame_gui\elements\ui_label.py:176: UserWarning: Label Rect is too small for text: Max Targets: - size diff: (-18, 0)
    warnings.warn(warn_text, UserWarning)

tests/unit/test_builder_ui_sync.py::TestBuilderUISync::test_refresh_controls_syncs_ui
tests/unit/test_builder_ui_sync.py::TestBuilderUISync::test_revert_protection
tests/unit/test_builder_ui_sync.py::TestBuilderUISync::test_type_change_filtering
  C:\Users\rossr\AppData\Local\Programs\Python\Python310\lib\site-packages\pygame_gui\elements\ui_label.py:176: UserWarning: Label Rect is too small for text: Evasion Score: - size diff: (-28, 0)
    warnings.warn(warn_text, UserWarning)

tests/unit/test_builder_ui_sync.py::TestBuilderUISync::test_refresh_controls_syncs_ui
tests/unit/test_builder_ui_sync.py::TestBuilderUISync::test_revert_protection
tests/unit/test_builder_ui_sync.py::TestBuilderUISync::test_type_change_filtering
  C:\Users\rossr\AppData\Local\Programs\Python\Python310\lib\site-packages\pygame_gui\elements\ui_label.py:176: UserWarning: Label Rect is too small for text: Targeting Score: - size diff: (-42, 0)
    warnings.warn(warn_text, UserWarning)

tests/unit/test_builder_ui_sync.py::TestBuilderUISync::test_refresh_controls_syncs_ui
tests/unit/test_builder_ui_sync.py::TestBuilderUISync::test_revert_protection
tests/unit/test_builder_ui_sync.py::TestBuilderUISync::test_type_change_filtering
  C:\Users\rossr\AppData\Local\Programs\Python\Python310\lib\site-packages\pygame_gui\elements\ui_label.py:176: UserWarning: Label Rect is too small for text: Crew Required: - size diff: (-36, 0)
    warnings.warn(warn_text, UserWarning)

tests/unit/test_builder_ui_sync.py::TestBuilderUISync::test_refresh_controls_syncs_ui
tests/unit/test_builder_ui_sync.py::TestBuilderUISync::test_revert_protection
tests/unit/test_builder_ui_sync.py::TestBuilderUISync::test_type_change_filtering
  C:\Users\rossr\AppData\Local\Programs\Python\Python310\lib\site-packages\pygame_gui\elements\ui_label.py:176: UserWarning: Label Rect is too small for text: Crew On Board: - size diff: (-38, 0)
    warnings.warn(warn_text, UserWarning)

tests/unit/test_builder_ui_sync.py::TestBuilderUISync::test_refresh_controls_syncs_ui
tests/unit/test_builder_ui_sync.py::TestBuilderUISync::test_revert_protection
tests/unit/test_builder_ui_sync.py::TestBuilderUISync::test_type_change_filtering
  C:\Users\rossr\AppData\Local\Programs\Python\Python310\lib\site-packages\pygame_gui\elements\ui_label.py:176: UserWarning: Label Rect is too small for text: Life Support: - size diff: (-19, 0)
    warnings.warn(warn_text, UserWarning)

tests/unit/test_builder_ui_sync.py::TestBuilderUISync::test_refresh_controls_syncs_ui
tests/unit/test_builder_ui_sync.py::TestBuilderUISync::test_revert_protection
tests/unit/test_builder_ui_sync.py::TestBuilderUISync::test_type_change_filtering
  C:\\Users\\rossr\\AppData\\Local\\Programs\\Python\\Python310\\lib\\site-packages\\pygame_gui\\elements\\ui_label.py:176: UserWarning: Label Rect is too small for text: \u2500\u2500 Fighter Support \u2500\u2500 - size diff: (-11, 5)\n    warnings.warn(warn_text, UserWarning)

tests/unit/test_builder_ui_sync.py::TestBuilderUISync::test_refresh_controls_syncs_ui
tests/unit/test_builder_ui_sync.py::TestBuilderUISync::test_revert_protection
tests/unit/test_builder_ui_sync.py::TestBuilderUISync::test_type_change_filtering
  C:\Users\rossr\AppData\Local\Programs\Python\Python310\lib\site-packages\pygame_gui\elements\ui_label.py:176: UserWarning: Label Rect is too small for text: Fighter Cap: - size diff: (-15, 0)
    warnings.warn(warn_text, UserWarning)

tests/unit/test_builder_ui_sync.py::TestBuilderUISync::test_refresh_controls_syncs_ui
tests/unit/test_builder_ui_sync.py::TestBuilderUISync::test_revert_protection
tests/unit/test_builder_ui_sync.py::TestBuilderUISync::test_type_change_filtering
  C:\Users\rossr\AppData\Local\Programs\Python\Python310\lib\site-packages\pygame_gui\elements\ui_label.py:176: UserWarning: Label Rect is too small for text: Launch/Wave: - size diff: (-26, 0)
    warnings.warn(warn_text, UserWarning)

tests/unit/test_builder_ui_sync.py::TestBuilderUISync::test_refresh_controls_syncs_ui
tests/unit/test_builder_ui_sync.py::TestBuilderUISync::test_revert_protection
tests/unit/test_builder_ui_sync.py::TestBuilderUISync::test_type_change_filtering
  C:\Users\rossr\AppData\Local\Programs\Python\Python310\lib\site-packages\pygame_gui\elements\ui_label.py:176: UserWarning: Label Rect is too small for text: Fighter Time: - size diff: (-22, 0)
    warnings.warn(warn_text, UserWarning)

tests/unit/test_builder_ui_sync.py::TestBuilderUISync::test_refresh_controls_syncs_ui
tests/unit/test_builder_ui_sync.py::TestBuilderUISync::test_revert_protection
tests/unit/test_builder_ui_sync.py::TestBuilderUISync::test_type_change_filtering
  C:\\Users\\rossr\\AppData\\Local\\Programs\\Python\\Python310\\lib\\site-packages\\pygame_gui\\elements\\ui_label.py:176: UserWarning: Label Rect is too small for text: \u2500\u2500 Recommendations \u2500\u2500 - size diff: (-30, 0)\n    warnings.warn(warn_text, UserWarning)

-- Docs: https://docs.pytest.org/en/stable/how-to/capture-warnings.html
=========================== short test summary info ===========================
FAILED tests/unit/test_ai.py::TestAIStrategyStates::test_attack_run_state_initialization
FAILED tests/unit/test_ai.py::TestAIStrategyStates::test_attack_run_transitions_to_retreat
FAILED tests/unit/test_bridge_requirement_removal.py::TestBridgeRequirementRemoval::test_class_with_command_requirement
FAILED tests/unit/test_bridge_requirement_removal.py::TestBridgeRequirementRemoval::test_valid_class_without_bridge
FAILED tests/unit/test_builder_refactor.py::TestBuilderRefactor::test_imports
FAILED tests/unit/test_main_integration.py::TestMainIntegration::test_import_main
FAILED tests/unit/test_main_integration.py::TestMainIntegration::test_game_instantiation
FAILED tests/unit/test_dynamic_layers.py::TestDynamicLayers::test_fighter_layers
FAILED tests/unit/test_dynamic_layers.py::TestDynamicLayers::test_satellite_layers
FAILED tests/unit/test_strategy_system.py::TestStrategySystem::test_load_data
FAILED tests/unit/test_strategy_system.py::TestStrategySystem::test_resolve_strategy
ERROR tests/unit/stress_test.py - ImportError while importing test module 'C:...
ERROR tests/unit/test_builder_drag_drop_real.py - ImportError while importing...
ERROR tests/unit/test_builder_improvements.py - ImportError while importing t...
ERROR tests/unit/test_builder_io_integration.py - ImportError while importing...
ERROR tests/unit/test_builder_structure_features.py - ImportError while impor...
ERROR tests/unit/test_builder_warning_logic.py - ImportError while importing ...
ERROR tests/unit/test_fleet_composition.py - ImportError while importing test...
ERROR tests/unit/test_mandatory_modifiers.py - ImportError while importing te...
ERROR tests/unit/test_movement_and_ai.py - ImportError while importing test m...
ERROR tests/unit/test_multi_selection_logic.py - ImportError while importing ...
ERROR tests/unit/test_overlay.py - ImportError while importing test module 'C...
ERROR tests/unit/test_selection_refinements.py - ImportError while importing ...
ERROR tests/unit/test_sprite_loading.py - ImportError while importing test mo...
ERROR tests/unit/test_battle_panels.py::TestBattlePanels::test_seeker_panel_coordinate_logic
ERROR tests/unit/test_battle_panels.py::TestBattlePanels::test_stats_panel_expansion
ERROR tests/unit/test_battle_panels.py::TestBattlePanels::test_battle_end_control
ERROR tests/unit/test_battle_panels.py::TestBattlePanels::test_stats_panel_scroll_offset
ERROR tests/unit/test_battle_panels.py::TestBattlePanels::test_seeker_monitor_state
=========== 11 failed, 447 passed, 104 warnings, 18 errors in 3.96s ===========
